src/components/Layout/Layout.tsx(1,17): error TS6133: 'useEffect' is declared but its value is never read.
src/components/Tasks/ExcelUploadModal.tsx(2,1): error TS6133: 'useForm' is declared but its value is never read.
src/pages/Analytics.tsx(1,8): error TS6133: 'React' is declared but its value is never read.
src/pages/Analytics.tsx(5,1): error TS6133: 'api' is declared but its value is never read.
src/pages/Analytics.tsx(6,1): error TS6192: All imports in import declaration are unused.
src/pages/Analytics.tsx(97,69): error TS6133: 'entry' is declared but its value is never read.
src/pages/Tasks.tsx(1,8): error TS6133: 'React' is declared but its value is never read.
